../Drivers/CMSIS/Include/core_cm4.h:2064:26:ITM_SendChar	16	static,ignoring_inline_asm
../Core/Src/main.c:80:5:main	8	static
../Core/Src/main.c:135:6:SystemClock_Config	88	static
../Core/Src/main.c:181:13:MX_ADC1_Init	24	static
../Core/Src/main.c:242:13:MX_TIM3_Init	32	static
../Core/Src/main.c:285:13:MX_DMA_Init	16	static
../Core/Src/main.c:303:13:MX_GPIO_Init	16	static
../Core/Src/main.c:313:6:HAL_ADC_ConvCpltCallback	16	static
../Core/Src/main.c:324:5:_write	32	static
../Core/Src/main.c:340:6:Error_Handler	4	static,ignoring_inline_asm
