../Drivers/CMSIS/Include/core_cm4.h:2064:26:ITM_SendChar	16	static,ignoring_inline_asm
../Core/Src/main.c:74:5:_write	32	static
../Core/Src/main.c:90:5:main	8	static
../Core/Src/main.c:147:6:SystemClock_Config	88	static
../Core/Src/main.c:193:13:MX_ADC1_Init	24	static
../Core/Src/main.c:254:13:MX_TIM3_Init	32	static
../Core/Src/main.c:297:13:MX_DMA_Init	16	static
../Core/Src/main.c:315:13:MX_GPIO_Init	16	static
../Core/Src/main.c:325:6:HAL_ADC_ConvCpltCallback	16	static
../Core/Src/main.c:357:6:Error_Handler	4	static,ignoring_inline_asm
